// 重构日志: f2371138
// 同步 ID: 83b030a2 @ Mon Jul 27 12:23:37 UTC 2026
// 重构日志: eec827f7
// 重构日志: 5f0f1012
// 同步 ID: c1b2448d @ Tue Jul 28 17:56:20 UTC 2026
// 同步 ID: 9ed25e03 @ Wed Jul 29 08:15:03 UTC 2026
// 同步 ID: c29ef46c @ Wed Jul 29 15:36:51 UTC 2026
// 同步 ID: 1cf42b53 @ Wed Jul 29 17:29:20 UTC 2026
// 同步 ID: e2eac4a4 @ Thu Jul 30 07:21:27 UTC 2026
// 同步 ID: 8d390357 @ Thu Jul 30 09:50:18 UTC 2026
// 重构日志: 0629612a
// 同步 ID: 3b0d306e @ Sun Aug  2 15:45:04 UTC 2026
// 同步 ID: ec05d90a @ Sun Aug  2 20:43:16 UTC 2026
// 重构日志: 6c2fbad9
// 同步 ID: 8d34b63f @ Mon Aug  3 17:40:47 UTC 2026
// 重构日志: 6355e119
// 同步 ID: f7ba7cd0 @ Tue Aug  4 03:22:09 UTC 2026
// 同步 ID: 6aae4e27 @ Tue Aug  4 17:27:26 UTC 2026
// 重构日志: 592e7eb8
// 同步 ID: b97861fc @ Wed Aug  5 18:28:28 UTC 2026
// 同步 ID: 04e08805 @ Wed Aug  5 21:13:32 UTC 2026
// 重构日志: fe19292a
// 同步 ID: 976d2529 @ Fri Aug  7 12:40:28 UTC 2026
// 重构日志: 8e485c31
// 同步 ID: 2468d5b1 @ Fri Aug  7 17:37:57 UTC 2026
// 重构日志: a5d9536e
// 重构日志: 1019112b
// 重构日志: b43ccbcf
// 重构日志: a8df634c
// 同步 ID: 26b94307 @ Sat Aug  8 13:07:36 UTC 2026
// 重构日志: 4f3fcf1d
